// Jest Snapshot v1, https://goo.gl/fbAQLP

exports[`Footer renders correctly 1`] = `
<footer
  className="flex fixed footer"
>
  <a
    className="icon background-dark-blue color-white"
    href="/add"
    onClick={[Function]}
  >
    <div>
      <div
        className="fas fa-plus big"
      />
      <div
        className="small m-top-10"
      >
        Add Measurement
      </div>
    </div>
  </a>
  <a
    className="icon background-dark-blue color-white"
    href="/"
    onClick={[Function]}
  >
    <div>
      <div
        className="fas fa-home big"
      />
      <div
        className="small m-top-10"
      >
        Home
      </div>
    </div>
  </a>
  <a
    className="icon background-dark-blue color-white"
    href="/progress"
    onClick={[Function]}
  >
    <div>
      <div
        className="fas fa-tasks big"
      />
      <div
        className="small m-top-10"
      >
        Progress
      </div>
    </div>
  </a>
  <a
    className="icon background-dark-blue color-white"
    href="/users/login"
    onClick={[Function]}
  >
    <div>
      <div
        className="fas fa-sign-out-alt big"
      />
      <div
        className="small m-top-10"
      >
        Logout
      </div>
    </div>
  </a>
</footer>
`;
