// Jest Snapshot v1, https://goo.gl/fbAQLP

exports[`TopNav renders correctly 1`] = `
<div
  className="background-dark-blue fw-900 m-b-30 nav fixed"
>
  <h1
    className="color-white title bold"
  >
    BodyMonitor
  </h1>
</div>
`;
